// Vitest Snapshot v1, https://vitest.dev/guide/snapshot.html

exports[`filter command > should have a help option 1`] = `
"esbuild-meta filter

Filters the meta file to only include chunks required by specified entry points

Options:
  -s, --statsPath                     The path to the stats.json file  [string] [required]
  -o, --outPath                       The path where the new file should be saved  [string] [default: "initial-stats.json"]
      --excludeDynamicImports, --eDI  Should the dynamic imports be filtered out of the output chunk imports  [boolean] [default: false]
  -e, --entryPoints                   Entry points that should be considered for the bundle  [array] [default: ["main-","polyfills-"]]
  -v, --version                       Show version number  [boolean]
  -h, --help                          Show help  [boolean]
"
`;
